Nodo inicial: Arad
Nodo final: Bucharest
Frontera:
   Nodo = Arad

Apuntador: Arad
Frontera:
   Nodo = Sibiu
   Nodo = Timisoara
   Nodo = Zerind

Apuntador: Sibiu
Frontera:
   Nodo = Timisoara
   Nodo = Zerind
   Nodo = Fagaras
   Nodo = Oradea
   Nodo = Rimnicu Vilcea

Apuntador: Timisoara
Frontera:
   Nodo = Zerind
   Nodo = Fagaras
   Nodo = Oradea
   Nodo = Rimnicu Vilcea
   Nodo = Lugoj

Apuntador: Zerind
Frontera:
   Nodo = Fagaras
   Nodo = Oradea
   Nodo = Rimnicu Vilcea
   Nodo = Lugoj

Apuntador: Fagaras
Frontera:
   Nodo = Oradea
   Nodo = Rimnicu Vilcea
   Nodo = Lugoj
   Nodo = Bucharest

Apuntador: Oradea
Frontera:
   Nodo = Rimnicu Vilcea
   Nodo = Lugoj
   Nodo = Bucharest

Apuntador: Rimnicu Vilcea
Frontera:
   Nodo = Lugoj
   Nodo = Bucharest
   Nodo = Craiova
   Nodo = Pitesti

Apuntador: Lugoj
Frontera:
   Nodo = Bucharest
   Nodo = Craiova
   Nodo = Pitesti
   Nodo = Mehadia

Apuntador: Bucharest
Camino: Arad->Sibiu->Fagaras->Bucharest
Tiempo: 0.0000000000 segundos